core_cm7.h:2464:22:SCB_InvalidateDCache_by_Addr	32	static,ignoring_inline_asm
ethernetif.c:136:6:HAL_ETH_MspInit	72	static
ethernetif.c:218:6:HAL_ETH_MspDeInit	16	static
ethernetif.c:274:6:HAL_ETH_RxCpltCallback	16	static
ethernetif.c:293:13:low_level_init	192	static
ethernetif.c:458:14:low_level_output	80	static
ethernetif.c:505:22:low_level_input	48	static
ethernetif.c:543:6:ethernetif_input	24	static
ethernetif.c:603:7:ethernetif_init	16	static
ethernetif.c:647:6:pbuf_free_custom	24	static
ethernetif.c:667:7:sys_jiffies	8	static
ethernetif.c:678:7:sys_now	8	static
ethernetif.c:693:9:ETH_PHY_IO_Init	8	static
ethernetif.c:710:9:ETH_PHY_IO_DeInit	4	static
ethernetif.c:722:9:ETH_PHY_IO_ReadReg	24	static
ethernetif.c:739:9:ETH_PHY_IO_WriteReg	24	static
ethernetif.c:753:9:ETH_PHY_IO_GetTick	8	static
ethernetif.c:764:6:ethernet_link_thread	136	static
